2026-09-24T11:45:30: ▲ Next.js 16.2.9
2026-09-24T11:45:30: - Local:         http://localhost:3004
2026-09-24T11:45:30: - Network:       http://172.31.2.35:3004
2026-09-24T11:45:30: ✓ Ready in 254ms
2026-09-24T12:35:13: ▲ Next.js 16.2.9
2026-09-24T12:35:13: - Local:         http://localhost:3004
2026-09-24T12:35:13: - Network:       http://172.31.2.35:3004
2026-09-24T12:35:13: ✓ Ready in 440ms
2026-09-24T12:35:44: [server] Launching VFP background worker automatically: /home/vfpuser/Anvi_mabsol/avni_mabsol/scripts/vfp-sync/worker.cjs
2026-09-25T15:57:24: 
2026-09-25T15:57:24: ======================================================
2026-09-25T15:57:24: [EMAIL VERIFICATION OTP] Sent to: rahulavashist@gmail.com | OTP: 870028
2026-09-25T15:57:24: ======================================================
2026-09-25T15:57:24: 
2026-09-25T15:57:26: 
2026-09-25T15:57:26: ======================================================
2026-09-25T15:57:26: [WHATSAPP OTP] To: +918307199529 | OTP: 657748
2026-09-25T15:57:26: ======================================================
2026-09-25T15:57:26: 
2026-09-25T15:57:27: [Meta WhatsApp] OTP Sent successfully via Template: wamid.HBgMOTE4MzA3MTk5NTI5FQIAERgSOUFDNTc0NTIxQTlEMTdCNzZEAA==
2026-09-25T15:57:29: Mail Sent: <ad384edd-e27b-c61a-8b00-40c59d530197@mabsolinfotech.com>
2026-09-26T08:09:45: 
2026-09-26T08:09:45: ======================================================
2026-09-26T08:09:45: [WHATSAPP OTP] To: +919012861321 | OTP: 205893
2026-09-26T08:09:45: ======================================================
2026-09-26T08:09:45: 
2026-09-26T08:09:46: [Meta WhatsApp] OTP Sent successfully via Template: wamid.HBgMOTE5MDEyODYxMzIxFQIAERgSNkQ0MTJDRUZGOTUxNDY1OUIwAA==
2026-09-26T08:10:26: 
2026-09-26T08:10:26: ======================================================
2026-09-26T08:10:26: [EMAIL VERIFICATION OTP] Sent to: ashish.mabsol@gmail.com | OTP: 581345
2026-09-26T08:10:26: ======================================================
2026-09-26T08:10:26: 
2026-09-26T08:10:33: Mail Sent: <9bb7851a-2d92-6201-1541-f611258e55eb@mabsolinfotech.com>
2026-09-26T10:04:08: ▲ Next.js 16.2.9
2026-09-26T10:04:08: - Local:         http://localhost:3004
2026-09-26T10:04:08: - Network:       http://172.31.2.35:3004
2026-09-26T10:04:08: ✓ Ready in 317ms
2026-09-26T10:04:21: [server] Launching VFP background worker automatically: /home/vfpuser/Anvi_mabsol/avni_mabsol/scripts/vfp-sync/worker.cjs
2026-10-01T10:13:31: ▲ Next.js 16.2.9
2026-10-01T10:13:31: - Local:         http://localhost:3004
2026-10-01T10:13:31: - Network:       http://172.31.2.35:3004
2026-10-01T10:13:31: ✓ Ready in 300ms
2026-10-01T12:15:09: [server] Launching VFP background worker automatically: /home/vfpuser/Anvi_mabsol/avni_mabsol/scripts/vfp-sync/worker.cjs
2026-10-01T12:15:52: 
2026-10-01T12:15:52: ======================================================
2026-10-01T12:15:52: [EMAIL VERIFICATION OTP] Sent to: anvi.mabsol@gmail.com | OTP: 594928
2026-10-01T12:15:52: ======================================================
2026-10-01T12:15:52: 
2026-10-01T12:15:59: Mail Sent: <ce8a7a71-ff30-c63c-c555-3b585c3462dc@mabsolinfotech.com>
