2026-09-25T01:03:22: Error: Failed to find Server Action "x". This request might be from an older or newer deployment.
2026-09-25T01:03:22: Read more: https://nextjs.org/docs/messages/failed-to-find-server-action
2026-09-25T01:03:22:     at ignore-listed frames
2026-09-25T01:03:22: Error: Failed to find Server Action "x". This request might be from an older or newer deployment.
2026-09-25T01:03:22: Read more: https://nextjs.org/docs/messages/failed-to-find-server-action
2026-09-25T01:03:22:     at ignore-listed frames
2026-09-25T01:03:22: Error: Failed to find Server Action "x". This request might be from an older or newer deployment.
2026-09-25T01:03:22: Read more: https://nextjs.org/docs/messages/failed-to-find-server-action
2026-09-25T01:03:22:     at ignore-listed frames
2026-09-25T10:04:06: Error: Failed to find Server Action "x". This request might be from an older or newer deployment.
2026-09-25T10:04:06: Read more: https://nextjs.org/docs/messages/failed-to-find-server-action
2026-09-25T10:04:06:     at ignore-listed frames
2026-09-25T10:04:06: Error: Failed to find Server Action "x". This request might be from an older or newer deployment.
2026-09-25T10:04:06: Read more: https://nextjs.org/docs/messages/failed-to-find-server-action
2026-09-25T10:04:06:     at ignore-listed frames
2026-09-25T10:04:06: Error: Failed to find Server Action "0". This request might be from an older or newer deployment.
2026-09-25T10:04:06: Read more: https://nextjs.org/docs/messages/failed-to-find-server-action
2026-09-25T10:04:06:     at ignore-listed frames
2026-09-25T10:04:07: Error: Failed to find Server Action "0". This request might be from an older or newer deployment.
2026-09-25T10:04:07: Read more: https://nextjs.org/docs/messages/failed-to-find-server-action
2026-09-25T10:04:07:     at ignore-listed frames
2026-09-25T10:04:07: Error: Failed to find Server Action "1". This request might be from an older or newer deployment.
2026-09-25T10:04:07: Read more: https://nextjs.org/docs/messages/failed-to-find-server-action
2026-09-25T10:04:07:     at ignore-listed frames
2026-09-25T10:04:07: Error: Failed to find Server Action "1". This request might be from an older or newer deployment.
2026-09-25T10:04:07: Read more: https://nextjs.org/docs/messages/failed-to-find-server-action
2026-09-25T10:04:07:     at ignore-listed frames
2026-09-25T10:04:08: Error: Failed to find Server Action "action". This request might be from an older or newer deployment.
2026-09-25T10:04:08: Read more: https://nextjs.org/docs/messages/failed-to-find-server-action
2026-09-25T10:04:08:     at ignore-listed frames
2026-09-25T10:04:08: Error: Failed to find Server Action "action". This request might be from an older or newer deployment.
2026-09-25T10:04:08: Read more: https://nextjs.org/docs/messages/failed-to-find-server-action
2026-09-25T10:04:08:     at ignore-listed frames
2026-09-25T10:04:08: Error: Failed to find Server Action "x". This request might be from an older or newer deployment.
2026-09-25T10:04:08: Read more: https://nextjs.org/docs/messages/failed-to-find-server-action
2026-09-25T10:04:08:     at ignore-listed frames
2026-09-25T10:04:09: Error: Failed to find Server Action "x". This request might be from an older or newer deployment.
2026-09-25T10:04:09: Read more: https://nextjs.org/docs/messages/failed-to-find-server-action
2026-09-25T10:04:09:     at ignore-listed frames
2026-09-25T10:04:09: Error: Failed to find Server Action "0". This request might be from an older or newer deployment.
2026-09-25T10:04:09: Read more: https://nextjs.org/docs/messages/failed-to-find-server-action
2026-09-25T10:04:09:     at ignore-listed frames
2026-09-25T10:04:09: Error: Failed to find Server Action "0". This request might be from an older or newer deployment.
2026-09-25T10:04:09: Read more: https://nextjs.org/docs/messages/failed-to-find-server-action
2026-09-25T10:04:09:     at ignore-listed frames
2026-09-25T10:04:10: Error: Failed to find Server Action "1". This request might be from an older or newer deployment.
2026-09-25T10:04:10: Read more: https://nextjs.org/docs/messages/failed-to-find-server-action
2026-09-25T10:04:10:     at ignore-listed frames
2026-09-25T10:04:10: Error: Failed to find Server Action "1". This request might be from an older or newer deployment.
2026-09-25T10:04:10: Read more: https://nextjs.org/docs/messages/failed-to-find-server-action
2026-09-25T10:04:10:     at ignore-listed frames
2026-09-25T10:04:10: Error: Failed to find Server Action "action". This request might be from an older or newer deployment.
2026-09-25T10:04:10: Read more: https://nextjs.org/docs/messages/failed-to-find-server-action
2026-09-25T10:04:10:     at ignore-listed frames
2026-09-25T10:04:10: Error: Failed to find Server Action "action". This request might be from an older or newer deployment.
2026-09-25T10:04:10: Read more: https://nextjs.org/docs/messages/failed-to-find-server-action
2026-09-25T10:04:10:     at ignore-listed frames
2026-09-25T10:04:11: Error: Failed to find Server Action "x". This request might be from an older or newer deployment.
2026-09-25T10:04:11: Read more: https://nextjs.org/docs/messages/failed-to-find-server-action
2026-09-25T10:04:11:     at ignore-listed frames
2026-09-25T10:04:11: Error: Failed to find Server Action "x". This request might be from an older or newer deployment.
2026-09-25T10:04:11: Read more: https://nextjs.org/docs/messages/failed-to-find-server-action
2026-09-25T10:04:11:     at ignore-listed frames
2026-09-25T10:04:11: Error: Failed to find Server Action "0". This request might be from an older or newer deployment.
2026-09-25T10:04:11: Read more: https://nextjs.org/docs/messages/failed-to-find-server-action
2026-09-25T10:04:11:     at ignore-listed frames
2026-09-25T10:04:12: Error: Failed to find Server Action "0". This request might be from an older or newer deployment.
2026-09-25T10:04:12: Read more: https://nextjs.org/docs/messages/failed-to-find-server-action
2026-09-25T10:04:12:     at ignore-listed frames
2026-09-25T10:04:12: Error: Failed to find Server Action "1". This request might be from an older or newer deployment.
2026-09-25T10:04:12: Read more: https://nextjs.org/docs/messages/failed-to-find-server-action
2026-09-25T10:04:12:     at ignore-listed frames
2026-09-25T10:04:12: Error: Failed to find Server Action "1". This request might be from an older or newer deployment.
2026-09-25T10:04:12: Read more: https://nextjs.org/docs/messages/failed-to-find-server-action
2026-09-25T10:04:12:     at ignore-listed frames
2026-09-25T10:04:13: Error: Failed to find Server Action "action". This request might be from an older or newer deployment.
2026-09-25T10:04:13: Read more: https://nextjs.org/docs/messages/failed-to-find-server-action
2026-09-25T10:04:13:     at ignore-listed frames
2026-09-25T10:04:13: Error: Failed to find Server Action "action". This request might be from an older or newer deployment.
2026-09-25T10:04:13: Read more: https://nextjs.org/docs/messages/failed-to-find-server-action
2026-09-25T10:04:13:     at ignore-listed frames
2026-09-25T10:04:13: Error: Failed to find Server Action "x". This request might be from an older or newer deployment.
2026-09-25T10:04:13: Read more: https://nextjs.org/docs/messages/failed-to-find-server-action
2026-09-25T10:04:13:     at ignore-listed frames
2026-09-25T10:04:14: Error: Failed to find Server Action "x". This request might be from an older or newer deployment.
2026-09-25T10:04:14: Read more: https://nextjs.org/docs/messages/failed-to-find-server-action
2026-09-25T10:04:14:     at ignore-listed frames
2026-09-25T10:04:14: Error: Failed to find Server Action "0". This request might be from an older or newer deployment.
2026-09-25T10:04:14: Read more: https://nextjs.org/docs/messages/failed-to-find-server-action
2026-09-25T10:04:14:     at ignore-listed frames
2026-09-25T10:04:14: Error: Failed to find Server Action "0". This request might be from an older or newer deployment.
2026-09-25T10:04:14: Read more: https://nextjs.org/docs/messages/failed-to-find-server-action
2026-09-25T10:04:14:     at ignore-listed frames
2026-09-25T10:04:15: Error: Failed to find Server Action "1". This request might be from an older or newer deployment.
2026-09-25T10:04:15: Read more: https://nextjs.org/docs/messages/failed-to-find-server-action
2026-09-25T10:04:15:     at ignore-listed frames
2026-09-25T10:04:15: Error: Failed to find Server Action "1". This request might be from an older or newer deployment.
2026-09-25T10:04:15: Read more: https://nextjs.org/docs/messages/failed-to-find-server-action
2026-09-25T10:04:15:     at ignore-listed frames
2026-09-25T10:04:15: Error: Failed to find Server Action "action". This request might be from an older or newer deployment.
2026-09-25T10:04:15: Read more: https://nextjs.org/docs/messages/failed-to-find-server-action
2026-09-25T10:04:15:     at ignore-listed frames
2026-09-25T10:04:16: Error: Failed to find Server Action "action". This request might be from an older or newer deployment.
2026-09-25T10:04:16: Read more: https://nextjs.org/docs/messages/failed-to-find-server-action
2026-09-25T10:04:16:     at ignore-listed frames
2026-09-25T10:04:16: Error: Failed to find Server Action "x". This request might be from an older or newer deployment.
2026-09-25T10:04:16: Read more: https://nextjs.org/docs/messages/failed-to-find-server-action
2026-09-25T10:04:16:     at ignore-listed frames
2026-09-25T10:04:17: Error: Failed to find Server Action "x". This request might be from an older or newer deployment.
2026-09-25T10:04:17: Read more: https://nextjs.org/docs/messages/failed-to-find-server-action
2026-09-25T10:04:17:     at ignore-listed frames
2026-09-25T10:04:17: Error: Failed to find Server Action "0". This request might be from an older or newer deployment.
2026-09-25T10:04:17: Read more: https://nextjs.org/docs/messages/failed-to-find-server-action
2026-09-25T10:04:17:     at ignore-listed frames
2026-09-25T10:04:18: Error: Failed to find Server Action "0". This request might be from an older or newer deployment.
2026-09-25T10:04:18: Read more: https://nextjs.org/docs/messages/failed-to-find-server-action
2026-09-25T10:04:18:     at ignore-listed frames
2026-09-25T10:04:18: Error: Failed to find Server Action "1". This request might be from an older or newer deployment.
2026-09-25T10:04:18: Read more: https://nextjs.org/docs/messages/failed-to-find-server-action
2026-09-25T10:04:18:     at ignore-listed frames
2026-09-25T10:04:19: Error: Failed to find Server Action "1". This request might be from an older or newer deployment.
2026-09-25T10:04:19: Read more: https://nextjs.org/docs/messages/failed-to-find-server-action
2026-09-25T10:04:19:     at ignore-listed frames
2026-09-25T10:04:19: Error: Failed to find Server Action "action". This request might be from an older or newer deployment.
2026-09-25T10:04:19: Read more: https://nextjs.org/docs/messages/failed-to-find-server-action
2026-09-25T10:04:19:     at ignore-listed frames
2026-09-25T10:04:20: Error: Failed to find Server Action "action". This request might be from an older or newer deployment.
2026-09-25T10:04:20: Read more: https://nextjs.org/docs/messages/failed-to-find-server-action
2026-09-25T10:04:20:     at ignore-listed frames
2026-09-25T10:04:20: Error: Failed to find Server Action "x". This request might be from an older or newer deployment.
2026-09-25T10:04:20: Read more: https://nextjs.org/docs/messages/failed-to-find-server-action
2026-09-25T10:04:20:     at ignore-listed frames
2026-09-25T10:04:20: Error: Failed to find Server Action "x". This request might be from an older or newer deployment.
2026-09-25T10:04:20: Read more: https://nextjs.org/docs/messages/failed-to-find-server-action
2026-09-25T10:04:20:     at ignore-listed frames
2026-09-25T10:04:21: Error: Failed to find Server Action "0". This request might be from an older or newer deployment.
2026-09-25T10:04:21: Read more: https://nextjs.org/docs/messages/failed-to-find-server-action
2026-09-25T10:04:21:     at ignore-listed frames
2026-09-25T10:04:21: Error: Failed to find Server Action "0". This request might be from an older or newer deployment.
2026-09-25T10:04:21: Read more: https://nextjs.org/docs/messages/failed-to-find-server-action
2026-09-25T10:04:21:     at ignore-listed frames
2026-09-25T10:04:21: Error: Failed to find Server Action "1". This request might be from an older or newer deployment.
2026-09-25T10:04:21: Read more: https://nextjs.org/docs/messages/failed-to-find-server-action
2026-09-25T10:04:21:     at ignore-listed frames
2026-09-25T10:04:22: Error: Failed to find Server Action "1". This request might be from an older or newer deployment.
2026-09-25T10:04:22: Read more: https://nextjs.org/docs/messages/failed-to-find-server-action
2026-09-25T10:04:22:     at ignore-listed frames
2026-09-25T10:04:22: Error: Failed to find Server Action "action". This request might be from an older or newer deployment.
2026-09-25T10:04:22: Read more: https://nextjs.org/docs/messages/failed-to-find-server-action
2026-09-25T10:04:22:     at ignore-listed frames
2026-09-25T10:04:22: Error: Failed to find Server Action "action". This request might be from an older or newer deployment.
2026-09-25T10:04:22: Read more: https://nextjs.org/docs/messages/failed-to-find-server-action
2026-09-25T10:04:22:     at ignore-listed frames
2026-09-25T10:04:34: Error: Failed to find Server Action "x". This request might be from an older or newer deployment.
2026-09-25T10:04:34: Read more: https://nextjs.org/docs/messages/failed-to-find-server-action
2026-09-25T10:04:34:     at ignore-listed frames
2026-09-25T13:44:57: (node:1803951) [MONGOOSE] Warning: mongoose: the `new` option for `findOneAndUpdate()` and `findOneAndReplace()` is deprecated. Use `returnDocument: 'after'` instead.
2026-09-25T13:44:57: (Use `node --trace-warnings ...` to show where the warning was created)
2026-09-25T13:45:00: (node:1803951) [MONGOOSE] Warning: mongoose: the `new` option for `findOneAndUpdate()` and `findOneAndReplace()` is deprecated. Use `returnDocument: 'after'` instead.
2026-09-25T15:57:24: (node:1803951) [MONGOOSE] Warning: mongoose: the `new` option for `findOneAndUpdate()` and `findOneAndReplace()` is deprecated. Use `returnDocument: 'after'` instead.
2026-09-25T15:57:26: (node:1803951) [MONGOOSE] Warning: mongoose: the `new` option for `findOneAndUpdate()` and `findOneAndReplace()` is deprecated. Use `returnDocument: 'after'` instead.
2026-09-26T08:09:45: (node:1803951) [MONGOOSE] Warning: mongoose: the `new` option for `findOneAndUpdate()` and `findOneAndReplace()` is deprecated. Use `returnDocument: 'after'` instead.
2026-09-26T08:10:26: (node:1803951) [MONGOOSE] Warning: mongoose: the `new` option for `findOneAndUpdate()` and `findOneAndReplace()` is deprecated. Use `returnDocument: 'after'` instead.
2026-10-01T12:15:52: (node:1972216) [MONGOOSE] Warning: mongoose: the `new` option for `findOneAndUpdate()` and `findOneAndReplace()` is deprecated. Use `returnDocument: 'after'` instead.
2026-10-01T12:15:52: (Use `node --trace-warnings ...` to show where the warning was created)
2026-10-01T12:47:53: (node:1972216) [MONGOOSE] Warning: mongoose: the `new` option for `findOneAndUpdate()` and `findOneAndReplace()` is deprecated. Use `returnDocument: 'after'` instead.
2026-10-01T12:48:07: (node:1972216) [MONGOOSE] Warning: mongoose: the `new` option for `findOneAndUpdate()` and `findOneAndReplace()` is deprecated. Use `returnDocument: 'after'` instead.
2026-10-01T12:50:14: (node:1972216) [MONGOOSE] Warning: mongoose: the `new` option for `findOneAndUpdate()` and `findOneAndReplace()` is deprecated. Use `returnDocument: 'after'` instead.
